C:\Users\ipankov\Documents\git\IoCCcontainer\src\main\java\com\pankov\roadtosenior\ioccontainer\ClassPathApplicationContext.java
C:\Users\ipankov\Documents\git\IoCCcontainer\src\main\java\com\pankov\roadtosenior\ioccontainer\processor\PostConstruct.java
C:\Users\ipankov\Documents\git\IoCCcontainer\src\main\java\com\pankov\roadtosenior\ioccontainer\reader\BeanDefinitionReader.java
C:\Users\ipankov\Documents\git\IoCCcontainer\src\main\java\com\pankov\roadtosenior\ioccontainer\exception\BeanInstantiationException.java
C:\Users\ipankov\Documents\git\IoCCcontainer\src\main\java\com\pankov\roadtosenior\ioccontainer\reader\BeanDefinitionHandler.java
C:\Users\ipankov\Documents\git\IoCCcontainer\src\main\java\com\pankov\roadtosenior\ioccontainer\reader\BeanDefinitionHandlerOnDeque.java
C:\Users\ipankov\Documents\git\IoCCcontainer\src\main\java\com\pankov\roadtosenior\ioccontainer\entity\Bean.java
C:\Users\ipankov\Documents\git\IoCCcontainer\src\main\java\com\pankov\roadtosenior\ioccontainer\ApplicationContext.java
C:\Users\ipankov\Documents\git\IoCCcontainer\src\main\java\com\pankov\roadtosenior\ioccontainer\exception\BeanException.java
C:\Users\ipankov\Documents\git\IoCCcontainer\src\main\java\com\pankov\roadtosenior\ioccontainer\reader\XMLBeanDefinitionReader.java
C:\Users\ipankov\Documents\git\IoCCcontainer\src\main\java\com\pankov\roadtosenior\ioccontainer\processor\SystemBean.java
C:\Users\ipankov\Documents\git\IoCCcontainer\src\main\java\com\pankov\roadtosenior\ioccontainer\processor\BeanPostProcessor.java
C:\Users\ipankov\Documents\git\IoCCcontainer\src\main\java\com\pankov\roadtosenior\ioccontainer\ThrowingConsumer.java
C:\Users\ipankov\Documents\git\IoCCcontainer\src\main\java\com\pankov\roadtosenior\ioccontainer\exception\ParseException.java
C:\Users\ipankov\Documents\git\IoCCcontainer\src\main\java\com\pankov\roadtosenior\ioccontainer\entity\BeanDefinition.java
C:\Users\ipankov\Documents\git\IoCCcontainer\src\main\java\com\pankov\roadtosenior\ioccontainer\exception\NoUniqueBeanException.java
C:\Users\ipankov\Documents\git\IoCCcontainer\src\main\java\com\pankov\roadtosenior\ioccontainer\processor\BeanFactoryPostProcessor.java
C:\Users\ipankov\Documents\git\IoCCcontainer\src\main\java\com\pankov\roadtosenior\ioccontainer\reader\SaxXMLBeanDefinitionReader.java
