C:\Users\ipankov\Documents\git\IoCCcontainer\src\test\java\com\pankov\roadtosenior\ioccontainer\processor\CustomBeanFactoryPostProcessor.java
C:\Users\ipankov\Documents\git\IoCCcontainer\src\test\java\com\pankov\roadtosenior\ioccontainer\ClassPathApplicationContextTest.java
C:\Users\ipankov\Documents\git\IoCCcontainer\src\test\java\com\pankov\roadtosenior\ioccontainer\processor\PaymentServiceBeanPostProcessor.java
C:\Users\ipankov\Documents\git\IoCCcontainer\src\test\java\com\pankov\roadtosenior\ioccontainer\service\AnotherMailService.java
C:\Users\ipankov\Documents\git\IoCCcontainer\src\test\java\com\pankov\roadtosenior\ioccontainer\service\ServiceWithoutDefConstructor.java
C:\Users\ipankov\Documents\git\IoCCcontainer\src\test\java\com\pankov\roadtosenior\ioccontainer\service\SubstitutedMailService.java
C:\Users\ipankov\Documents\git\IoCCcontainer\src\test\java\com\pankov\roadtosenior\ioccontainer\reader\XMLBeanDefinitionReaderITest.java
C:\Users\ipankov\Documents\git\IoCCcontainer\src\test\java\com\pankov\roadtosenior\ioccontainer\service\MailService.java
C:\Users\ipankov\Documents\git\IoCCcontainer\src\test\java\com\pankov\roadtosenior\ioccontainer\ClassPathApplicationContextITest.java
C:\Users\ipankov\Documents\git\IoCCcontainer\src\test\java\com\pankov\roadtosenior\ioccontainer\service\PaymentService.java
C:\Users\ipankov\Documents\git\IoCCcontainer\src\test\java\com\pankov\roadtosenior\ioccontainer\processor\EmptyBeanPostProcessor.java
C:\Users\ipankov\Documents\git\IoCCcontainer\src\test\java\com\pankov\roadtosenior\ioccontainer\processor\TestBeanFactoryPostProcessor.java
C:\Users\ipankov\Documents\git\IoCCcontainer\src\test\java\com\pankov\roadtosenior\ioccontainer\reader\XMLBeanDefinitionReaderTest.java
C:\Users\ipankov\Documents\git\IoCCcontainer\src\test\java\com\pankov\roadtosenior\ioccontainer\service\UserService.java
